Archive member included to satisfy reference by file (symbol)

c:/st/stm32cubeide_1.11.0/stm32cubeide/plugins/com.st.stm32cube.ide.mcu.externaltools.gnu-tools-for-stm32.10.3-2021.10.win32_1.0.100.202210260954/tools/bin/../lib/gcc/arm-none-eabi/10.3.1/../../../../arm-none-eabi/lib/thumb/v7e-m+fp/hard\libc_nano.a(lib_a-errno.o)
                              ./Core/Src/syscalls.o (__errno)
c:/st/stm32cubeide_1.11.0/stm32cubeide/plugins/com.st.stm32cube.ide.mcu.externaltools.gnu-tools-for-stm32.10.3-2021.10.win32_1.0.100.202210260954/tools/bin/../lib/gcc/arm-none-eabi/10.3.1/../../../../arm-none-eabi/lib/thumb/v7e-m+fp/hard\libc_nano.a(lib_a-exit.o)
                              c:/st/stm32cubeide_1.11.0/stm32cubeide/plugins/com.st.stm32cube.ide.mcu.externaltools.gnu-tools-for-stm32.10.3-2021.10.win32_1.0.100.202210260954/tools/bin/../lib/gcc/arm-none-eabi/10.3.1/../../../../arm-none-eabi/lib/thumb/v7e-m+fp/hard/crt0.o (exit)
c:/st/stm32cubeide_1.11.0/stm32cubeide/plugins/com.st.stm32cube.ide.mcu.externaltools.gnu-tools-for-stm32.10.3-2021.10.win32_1.0.100.202210260954/tools/bin/../lib/gcc/arm-none-eabi/10.3.1/../../../../arm-none-eabi/lib/thumb/v7e-m+fp/hard\libc_nano.a(lib_a-impure.o)
                              c:/st/stm32cubeide_1.11.0/stm32cubeide/plugins/com.st.stm32cube.ide.mcu.externaltools.gnu-tools-for-stm32.10.3-2021.10.win32_1.0.100.202210260954/tools/bin/../lib/gcc/arm-none-eabi/10.3.1/../../../../arm-none-eabi/lib/thumb/v7e-m+fp/hard\libc_nano.a(lib_a-exit.o) (_global_impure_ptr)
c:/st/stm32cubeide_1.11.0/stm32cubeide/plugins/com.st.stm32cube.ide.mcu.externaltools.gnu-tools-for-stm32.10.3-2021.10.win32_1.0.100.202210260954/tools/bin/../lib/gcc/arm-none-eabi/10.3.1/../../../../arm-none-eabi/lib/thumb/v7e-m+fp/hard\libc_nano.a(lib_a-init.o)
                              c:/st/stm32cubeide_1.11.0/stm32cubeide/plugins/com.st.stm32cube.ide.mcu.externaltools.gnu-tools-for-stm32.10.3-2021.10.win32_1.0.100.202210260954/tools/bin/../lib/gcc/arm-none-eabi/10.3.1/../../../../arm-none-eabi/lib/thumb/v7e-m+fp/hard/crt0.o (__libc_init_array)
c:/st/stm32cubeide_1.11.0/stm32cubeide/plugins/com.st.stm32cube.ide.mcu.externaltools.gnu-tools-for-stm32.10.3-2021.10.win32_1.0.100.202210260954/tools/bin/../lib/gcc/arm-none-eabi/10.3.1/../../../../arm-none-eabi/lib/thumb/v7e-m+fp/hard\libc_nano.a(lib_a-memset.o)
                              c:/st/stm32cubeide_1.11.0/stm32cubeide/plugins/com.st.stm32cube.ide.mcu.externaltools.gnu-tools-for-stm32.10.3-2021.10.win32_1.0.100.202210260954/tools/bin/../lib/gcc/arm-none-eabi/10.3.1/../../../../arm-none-eabi/lib/thumb/v7e-m+fp/hard/crt0.o (memset)
c:/st/stm32cubeide_1.11.0/stm32cubeide/plugins/com.st.stm32cube.ide.mcu.externaltools.gnu-tools-for-stm32.10.3-2021.10.win32_1.0.100.202210260954/tools/bin/../lib/gcc/arm-none-eabi/10.3.1/thumb/v7e-m+fp/hard\libgcc.a(_arm_muldf3.o)
                              ./Core/Src/INA229.o (__aeabi_dmul)
c:/st/stm32cubeide_1.11.0/stm32cubeide/plugins/com.st.stm32cube.ide.mcu.externaltools.gnu-tools-for-stm32.10.3-2021.10.win32_1.0.100.202210260954/tools/bin/../lib/gcc/arm-none-eabi/10.3.1/thumb/v7e-m+fp/hard\libgcc.a(_arm_addsubdf3.o)
                              ./Core/Src/INA229.o (__aeabi_dsub)
c:/st/stm32cubeide_1.11.0/stm32cubeide/plugins/com.st.stm32cube.ide.mcu.externaltools.gnu-tools-for-stm32.10.3-2021.10.win32_1.0.100.202210260954/tools/bin/../lib/gcc/arm-none-eabi/10.3.1/thumb/v7e-m+fp/hard\libgcc.a(_arm_muldivdf3.o)
                              ./Core/Src/INA229.o (__aeabi_ddiv)
c:/st/stm32cubeide_1.11.0/stm32cubeide/plugins/com.st.stm32cube.ide.mcu.externaltools.gnu-tools-for-stm32.10.3-2021.10.win32_1.0.100.202210260954/tools/bin/../lib/gcc/arm-none-eabi/10.3.1/thumb/v7e-m+fp/hard\libgcc.a(_arm_truncdfsf2.o)
                              ./Core/Src/INA229.o (__aeabi_d2f)
c:/st/stm32cubeide_1.11.0/stm32cubeide/plugins/com.st.stm32cube.ide.mcu.externaltools.gnu-tools-for-stm32.10.3-2021.10.win32_1.0.100.202210260954/tools/bin/../lib/gcc/arm-none-eabi/10.3.1/thumb/v7e-m+fp/hard\libgcc.a(_arm_addsubsf3.o)
                              ./Core/Src/INA229.o (__aeabi_ul2f)
c:/st/stm32cubeide_1.11.0/stm32cubeide/plugins/com.st.stm32cube.ide.mcu.externaltools.gnu-tools-for-stm32.10.3-2021.10.win32_1.0.100.202210260954/tools/bin/../lib/gcc/arm-none-eabi/10.3.1/thumb/v7e-m+fp/hard\libgcc.a(_aeabi_uldivmod.o)
                              ./Drivers/STM32F4xx_HAL_Driver/Src/stm32f4xx_hal_rcc.o (__aeabi_uldivmod)
c:/st/stm32cubeide_1.11.0/stm32cubeide/plugins/com.st.stm32cube.ide.mcu.externaltools.gnu-tools-for-stm32.10.3-2021.10.win32_1.0.100.202210260954/tools/bin/../lib/gcc/arm-none-eabi/10.3.1/thumb/v7e-m+fp/hard\libgcc.a(_udivmoddi4.o)
[...]
Memory Configuration

Name             Origin             Length             Attributes
CCMRAM           0x0000000010000000 0x0000000000010000 xrw
RAM              0x0000000020000000 0x0000000000020000 xrw
FLASH            0x0000000008000000 0x0000000000100000 xr
*default*        0x0000000000000000 0xffffffffffffffff

Linker script and memory map

LOAD c:/st/stm32cubeide_1.11.0/stm32cubeide/plugins/com.st.stm32cube.ide.mcu.externaltools.gnu-tools-for-stm32.10.3-2021.10.win32_1.0.100.202210260954/tools/bin/../lib/gcc/arm-none-eabi/10.3.1/thumb/v7e-m+fp/hard/crti.o
LOAD c:/st/stm32cubeide_1.11.0/stm32cubeide/plugins/com.st.stm32cube.ide.mcu.externaltools.gnu-tools-for-stm32.10.3-2021.10.win32_1.0.100.202210260954/tools/bin/../lib/gcc/arm-none-eabi/10.3.1/thumb/v7e-m+fp/hard/crtbegin.o
LOAD c:/st/stm32cubeide_1.11.0/stm32cubeide/plugins/com.st.stm32cube.ide.mcu.externaltools.gnu-tools-for-stm32.10.3-2021.10.win32_1.0.100.202210260954/tools/bin/../lib/gcc/arm-none-eabi/10.3.1/../../../../arm-none-eabi/lib/thumb/v7e-m+fp/hard/crt0.o
LOAD ./Core/Src/INA229.o
LOAD ./Core/Src/main.o
LOAD ./Core/Src/stm32f4xx_hal_msp.o
LOAD ./Core/Src/stm32f4xx_it.o
LOAD ./Core/Src/syscalls.o
LOAD ./Core/Src/sysmem.o
LOAD ./Core/Src/system_stm32f4xx.o
LOAD ./Core/Startup/startup_stm32f407vgtx.o
LOAD ./Drivers/STM32F4xx_HAL_Driver/Src/stm32f4xx_hal.o
LOAD ./Drivers/STM32F4xx_HAL_Driver/Src/stm32f4xx_hal_cortex.o
LOAD ./Drivers/STM32F4xx_HAL_Driver/Src/stm32f4xx_hal_dma.o
LOAD ./Drivers/STM32F4xx_HAL_Driver/Src/stm32f4xx_hal_dma_ex.o
LOAD ./Drivers/STM32F4xx_HAL_Driver/Src/stm32f4xx_hal_exti.o
LOAD ./Drivers/STM32F4xx_HAL_Driver/Src/stm32f4xx_hal_flash.o
LOAD ./Drivers/STM32F4xx_HAL_Driver/Src/stm32f4xx_hal_flash_ex.o
LOAD ./Drivers/STM32F4xx_HAL_Driver/Src/stm32f4xx_hal_flash_ramfunc.o
LOAD ./Drivers/STM32F4xx_HAL_Driver/Src/stm32f4xx_hal_gpio.o
LOAD ./Drivers/STM32F4xx_HAL_Driver/Src/stm32f4xx_hal_pwr.o
LOAD ./Drivers/STM32F4xx_HAL_Driver/Src/stm32f4xx_hal_pwr_ex.o
LOAD ./Drivers/STM32F4xx_HAL_Driver/Src/stm32f4xx_hal_rcc.o
LOAD ./Drivers/STM32F4xx_HAL_Driver/Src/stm32f4xx_hal_rcc_ex.o
LOAD ./Drivers/STM32F4xx_HAL_Driver/Src/stm32f4xx_hal_spi.o
LOAD ./Drivers/STM32F4xx_HAL_Driver/Src/stm32f4xx_hal_tim.o
LOAD ./Drivers/STM32F4xx_HAL_Driver/Src/stm32f4xx_hal_tim_ex.o
START GROUP
LOAD c:/st/stm32cubeide_1.11.0/stm32cubeide/plugins/com.st.stm32cube.ide.mcu.externaltools.gnu-tools-for-stm32.10.3-2021.10.win32_1.0.100.202210260954/tools/bin/../lib/gcc/arm-none-eabi/10.3.1/../../../../arm-none-eabi/lib/thumb/v7e-m+fp/hard\libc_nano.a
LOAD c:/st/stm32cubeide_1.11.0/stm32cubeide/plugins/com.st.stm32cube.ide.mcu.externaltools.gnu-tools-for-stm32.10.3-2021.10.win32_1.0.100.202210260954/tools/bin/../lib/gcc/arm-none-eabi/10.3.1/../../../../arm-none-eabi/lib/thumb/v7e-m+fp/hard\libm.a
END GROUP
START GROUP
LOAD c:/st/stm32cubeide_1.11.0/stm32cubeide/plugins/com.st.stm32cube.ide.mcu.externaltools.gnu-tools-for-stm32.10.3-2021.10.win32_1.0.100.202210260954/tools/bin/../lib/gcc/arm-none-eabi/10.3.1/thumb/v7e-m+fp/hard\libgcc.a
LOAD c:/st/stm32cubeide_1.11.0/stm32cubeide/plugins/com.st.stm32cube.ide.mcu.externaltools.gnu-tools-for-stm32.10.3-2021.10.win32_1.0.100.202210260954/tools/bin/../lib/gcc/arm-none-eabi/10.3.1/../../../../arm-none-eabi/lib/thumb/v7e-m+fp/hard\libc_nano.a
END GROUP
START GROUP
LOAD c:/st/stm32cubeide_1.11.0/stm32cubeide/plugins/com.st.stm32cube.ide.mcu.externaltools.gnu-tools-for-stm32.10.3-2021.10.win32_1.0.100.202210260954/tools/bin/../lib/gcc/arm-none-eabi/10.3.1/thumb/v7e-m+fp/hard\libgcc.a
LOAD c:/st/stm32cubeide_1.11.0/stm32cubeide/plugins/com.st.stm32cube.ide.mcu.externaltools.gnu-tools-for-stm32.10.3-2021.10.win32_1.0.100.202210260954/tools/bin/../lib/gcc/arm-none-eabi/10.3.1/../../../../arm-none-eabi/lib/thumb/v7e-m+fp/hard\libc_nano.a
LOAD c:/st/stm32cubeide_1.11.0/stm32cubeide/plugins/com.st.stm32cube.ide.mcu.externaltools.gnu-tools-for-stm32.10.3-2021.10.win32_1.0.100.202210260954/tools/bin/../lib/gcc/arm-none-eabi/10.3.1/../../../../arm-none-eabi/lib/thumb/v7e-m+fp/hard\libnosys.a
END GROUP
START GROUP
LOAD c:/st/stm32cubeide_1.11.0/stm32cubeide/plugins/com.st.stm32cube.ide.mcu.externaltools.gnu-tools-for-stm32.10.3-2021.10.win32_1.0.100.202210260954/tools/bin/../lib/gcc/arm-none-eabi/10.3.1/thumb/v7e-m+fp/hard\libgcc.a
LOAD c:/st/stm32cubeide_1.11.0/stm32cubeide/plugins/com.st.stm32cube.ide.mcu.externaltools.gnu-tools-for-stm32.10.3-2021.10.win32_1.0.100.202210260954/tools/bin/../lib/gcc/arm-none-eabi/10.3.1/../../../../arm-none-eabi/lib/thumb/v7e-m+fp/hard\libc_nano.a
LOAD c:/st/stm32cubeide_1.11.0/stm32cubeide/plugins/com.st.stm32cube.ide.mcu.externaltools.gnu-tools-for-stm32.10.3-2021.10.win32_1.0.100.202210260954/tools/bin/../lib/gcc/arm-none-eabi/10.3.1/../../../../arm-none-eabi/lib/thumb/v7e-m+fp/hard\libnosys.a
END GROUP
LOAD c:/st/stm32cubeide_1.11.0/stm32cubeide/plugins/com.st.stm32cube.ide.mcu.externaltools.gnu-tools-for-stm32.10.3-2021.10.win32_1.0.100.202210260954/tools/bin/../lib/gcc/arm-none-eabi/10.3.1/thumb/v7e-m+fp/hard/crtend.o
LOAD c:/st/stm32cubeide_1.11.0/stm32cubeide/plugins/com.st.stm32cube.ide.mcu.externaltools.gnu-tools-for-stm32.10.3-2021.10.win32_1.0.100.202210260954/tools/bin/../lib/gcc/arm-none-eabi/10.3.1/thumb/v7e-m+fp/hard/crtn.o
                0x0000000020020000                _estack = (ORIGIN (RAM) + LENGTH (RAM))
                0x0000000000000200                _Min_Heap_Size = 0x200
                0x0000000000000400                _Min_Stack_Size = 0x400

.isr_vector     0x0000000008000000      0x188
                0x0000000008000000                . = ALIGN (0x4)
 *(.isr_vector)
 .isr_vector    0x0000000008000000      0x188 ./Core/Startup/startup_stm32f407vgtx.o
                0x0000000008000000                g_pfnVectors
                0x0000000008000188                . = ALIGN (0x4)

.text           0x0000000008000188     0x37bc
                0x0000000008000188                . = ALIGN (0x4)
 *(.text)
 .text          0x0000000008000188       0x40 c:/st/stm32cubeide_1.11.0/stm32cubeide/plugins/com.st.stm32cube.ide.mcu.externaltools.gnu-tools-for-stm32.10.3-2021.10.win32_1.0.100.202210260954/tools/bin/../lib/gcc/arm-none-eabi/10.3.1/thumb/v7e-m+fp/hard/crtbegin.o
 .text          0x00000000080001c8      0x378 c:/st/stm32cubeide_1.11.0/stm32cubeide/plugins/com.st.stm32cube.ide.mcu.externaltools.gnu-tools-for-stm32.10.3-2021.10.win32_1.0.100.202210260954/tools/bin/../lib/gcc/arm-none-eabi/10.3.1/thumb/v7e-m+fp/hard\libgcc.a(_arm_addsubdf3.o)
                0x00000000080001c8                __aeabi_drsub
                0x00000000080001d0                __aeabi_dsub
                0x00000000080001d0                __subdf3
                0x00000000080001d4                __aeabi_dadd
                0x00000000080001d4                __adddf3
                0x000000000800044c                __floatunsidf
                0x000000000800044c                __aeabi_ui2d
                0x000000000800046c                __floatsidf
                0x000000000800046c                __aeabi_i2d
                0x0000000008000490                __aeabi_f2d
                0x0000000008000490                __extendsfdf2
                0x00000000080004d4                __floatundidf
                0x00000000080004d4                __aeabi_ul2d
                0x00000000080004e4                __floatdidf
                0x00000000080004e4                __aeabi_l2d
 .text          0x0000000008000540      0x424 c:/st/stm32cubeide_1.11.0/stm32cubeide/plugins/com.st.stm32cube.ide.mcu.externaltools.gnu-tools-for-stm32.10.3-2021.10.win32_1.0.100.202210260954/tools/bin/../lib/gcc/arm-none-eabi/10.3.1/thumb/v7e-m+fp/hard\libgcc.a(_arm_muldivdf3.o)
                0x0000000008000540                __aeabi_dmul
                0x0000000008000540                __muldf3
                0x0000000008000794                __divdf3
                0x0000000008000794                __aeabi_ddiv
 .text          0x0000000008000964       0xa0 c:/st/stm32cubeide_1.11.0/stm32cubeide/plugins/com.st.stm32cube.ide.mcu.externaltools.gnu-tools-for-stm32.10.3-2021.10.win32_1.0.100.202210260954/tools/bin/../lib/gcc/arm-none-eabi/10.3.1/thumb/v7e-m+fp/hard\libgcc.a(_arm_truncdfsf2.o)
                0x0000000008000964                __truncdfsf2
                0x0000000008000964                __aeabi_d2f
 .text          0x0000000008000a04      0x21c c:/st/stm32cubeide_1.11.0/stm32cubeide/plugins/com.st.stm32cube.ide.mcu.externaltools.gnu-tools-for-stm32.10.3-2021.10.win32_1.0.100.202210260954/tools/bin/../lib/gcc/arm-none-eabi/10.3.1/thumb/v7e-m+fp/hard\libgcc.a(_arm_addsubsf3.o)
                0x0000000008000a04                __aeabi_frsub
                0x0000000008000a0c                __subsf3
                0x0000000008000a0c                __aeabi_fsub
                0x0000000008000a10                __aeabi_fadd
                0x0000000008000a10                __addsf3
                0x0000000008000b70                __aeabi_ui2f
                0x0000000008000b70                __floatunsisf
                0x0000000008000b78                __aeabi_i2f
                0x0000000008000b78                __floatsisf
                0x0000000008000b94                __aeabi_ul2f
                0x0000000008000b94                __floatundisf
                0x0000000008000ba4                __aeabi_l2f
                0x0000000008000ba4                __floatdisf
 .text          0x0000000008000c20       0x30 c:/st/stm32cubeide_1.11.0/stm32cubeide/plugins/com.st.stm32cube.ide.mcu.externaltools.gnu-tools-for-stm32.10.3-2021.10.win32_1.0.100.202210260954/tools/bin/../lib/gcc/arm-none-eabi/10.3.1/thumb/v7e-m+fp/hard\libgcc.a(_aeabi_uldivmod.o)
                0x0000000008000c20                __aeabi_uldivmod
 .text          0x0000000008000c50      0x2d0 c:/st/stm32cubeide_1.11.0/stm32cubeide/plugins/com.st.stm32cube.ide.mcu.externaltools.gnu-tools-for-stm32.10.3-2021.10.win32_1.0.100.202210260954/tools/bin/../lib/gcc/arm-none-eabi/10.3.1/thumb/v7e-m+fp/hard\libgcc.a(_udivmoddi4.o)
                0x0000000008000c50                __udivmoddi4
 .text          0x0000000008000f20        0x4 c:/st/stm32cubeide_1.11.0/stm32cubeide/plugins/com.st.stm32cube.ide.mcu.externaltools.gnu-tools-for-stm32.10.3-2021.10.win32_1.0.100.202210260954/tools/bin/../lib/gcc/arm-none-eabi/10.3.1/thumb/v7e-m+fp/hard\libgcc.a(_dvmd_tls.o)
                0x0000000008000f20                __aeabi_idiv0
                0x0000000008000f20                __aeabi_ldiv0
 *(.text*)
 .text.INA229_config
                0x0000000008000f24       0xaa ./Core/Src/INA229.o
                0x0000000008000f24                INA229_config
 *fill*         0x0000000008000fce        0x2 
 .text.INA229_writeReg
                0x0000000008000fd0       0xa0 ./Core/Src/INA229.o
                0x0000000008000fd0                INA229_writeReg
 .text.INA229_readReg
                0x0000000008001070       0xf4 ./Core/Src/INA229.o
                0x0000000008001070                INA229_readReg
 .text.INA229_setCURRENT_LSB
                0x0000000008001164       0x1e ./Core/Src/INA229.o
                0x0000000008001164                INA229_setCURRENT_LSB
 *fill*         0x0000000008001182        0x6 
 .text.INA229_getVSHUNT_mV
                0x0000000008001188       0xfc ./Core/Src/INA229.o
                0x0000000008001188                INA229_getVSHUNT_mV
 *fill*         0x0000000008001284        0x4 
 .text.INA229_getVBUS_V
                0x0000000008001288       0xbc ./Core/Src/INA229.o
                0x0000000008001288                INA229_getVBUS_V
 .text.INA229_getDIETEMP_C
                0x0000000008001344       0x98 ./Core/Src/INA229.o
                0x0000000008001344                INA229_getDIETEMP_C
 .text.INA229_getCURRENT_signedLSB
                0x00000000080013dc       0x74 ./Core/Src/INA229.o
                0x00000000080013dc                INA229_getCURRENT_signedLSB
 .text.INA229_getCURRENT_A
                0x0000000008001450       0x34 ./Core/Src/INA229.o
                0x0000000008001450                INA229_getCURRENT_A
 .text.INA229_Init
                0x0000000008001484       0x4c ./Core/Src/INA229.o
                0x0000000008001484                INA229_Init
 .text.Get_INA299_Readings
                0x00000000080014d0       0xb8 ./Core/Src/INA229.o
                0x00000000080014d0                Get_INA299_Readings
 .text.main     0x0000000008001588       0x58 ./Core/Src/main.o
                0x0000000008001588                main
 .text.SystemClock_Config
                0x00000000080015e0       0xd4 ./Core/Src/main.o
                0x00000000080015e0                SystemClock_Config
 .text.MX_SPI2_Init
                0x00000000080016b4       0x6c ./Core/Src/main.o
 .text.MX_TIM6_Init
                0x0000000008001720       0x6c ./Core/Src/main.o
 .text.MX_GPIO_Init
                0x000000000800178c       0xe8 ./Core/Src/main.o
 .text.Buzzer_Trigger
                0x0000000008001874       0x4c ./Core/Src/main.o
                0x0000000008001874                Buzzer_Trigger
 .text.Error_Handler
                0x00000000080018c0        0xa ./Core/Src/main.o
                0x00000000080018c0                Error_Handler
 *fill*         0x00000000080018ca        0x2 
 .text.HAL_MspInit
                0x00000000080018cc       0x50 ./Core/Src/stm32f4xx_hal_msp.o
                0x00000000080018cc                HAL_MspInit
 .text.HAL_SPI_MspInit
                0x000000000800191c       0xd0 ./Core/Src/stm32f4xx_hal_msp.o
                0x000000000800191c                HAL_SPI_MspInit
 .text.HAL_TIM_Base_MspInit
                0x00000000080019ec       0x44 ./Core/Src/stm32f4xx_hal_msp.o
                0x00000000080019ec                HAL_TIM_Base_MspInit
 .text.NMI_Handler
                0x0000000008001a30        0x6 ./Core/Src/stm32f4xx_it.o
                0x0000000008001a30                NMI_Handler
 .text.HardFault_Handler
                0x0000000008001a36        0x6 ./Core/Src/stm32f4xx_it.o
                0x0000000008001a36                HardFault_Handler
 .text.MemManage_Handler
                0x0000000008001a3c        0x6 ./Core/Src/stm32f4xx_it.o
                0x0000000008001a3c                MemManage_Handler
 .text.BusFault_Handler
                0x0000000008001a42        0x6 ./Core/Src/stm32f4xx_it.o
                0x0000000008001a42                BusFault_Handler
 .text.UsageFault_Handler
                0x0000000008001a48        0x6 ./Core/Src/stm32f4xx_it.o
                0x0000000008001a48                UsageFault_Handler
 .text.SVC_Handler
                0x0000000008001a4e        0xe ./Core/Src/stm32f4xx_it.o
                0x0000000008001a4e                SVC_Handler
 .text.DebugMon_Handler
                0x0000000008001a5c        0xe ./Core/Src/stm32f4xx_it.o
                0x0000000008001a5c                DebugMon_Handler
 .text.PendSV_Handler
                0x0000000008001a6a        0xe ./Core/Src/stm32f4xx_it.o
                0x0000000008001a6a                PendSV_Handler
 .text.SysTick_Handler
                0x0000000008001a78        0xc ./Core/Src/stm32f4xx_it.o
                0x0000000008001a78                SysTick_Handler
 .text.SystemInit
                0x0000000008001a84       0x24 ./Core/Src/system_stm32f4xx.o
                0x0000000008001a84                SystemInit
 .text.Reset_Handler
                0x0000000008001aa8       0x50 ./Core/Startup/startup_stm32f407vgtx.o
                0x0000000008001aa8                Reset_Handler
 .text.Default_Handler
                0x0000000008001af8        0x2 ./Core/Startup/startup_stm32f407vgtx.o
                0x0000000008001af8                RTC_Alarm_IRQHandler
                0x0000000008001af8                HASH_RNG_IRQHandler
                0x0000000008001af8                EXTI2_IRQHandler
                0x0000000008001af8                TIM8_CC_IRQHandler
                0x0000000008001af8                TIM1_CC_IRQHandler
                0x0000000008001af8                DMA2_Stream5_IRQHandler
                0x0000000008001af8                DMA1_Stream5_IRQHandler
                0x0000000008001af8                PVD_IRQHandler
                0x0000000008001af8                SDIO_IRQHandler
                0x0000000008001af8                TAMP_STAMP_IRQHandler
                0x0000000008001af8                CAN2_RX1_IRQHandler
                0x0000000008001af8                EXTI3_IRQHandler
                0x0000000008001af8                TIM8_TRG_COM_TIM14_IRQHandler
                0x0000000008001af8                TIM1_UP_TIM10_IRQHandler
                0x0000000008001af8                TIM8_UP_TIM13_IRQHandler
                0x0000000008001af8                I2C3_ER_IRQHandler
                0x0000000008001af8                EXTI0_IRQHandler
                0x0000000008001af8                I2C2_EV_IRQHandler
                0x0000000008001af8                DMA1_Stream2_IRQHandler
                0x0000000008001af8                CAN1_RX0_IRQHandler
                0x0000000008001af8                FPU_IRQHandler
                0x0000000008001af8                OTG_HS_WKUP_IRQHandler
                0x0000000008001af8                CAN2_SCE_IRQHandler
                0x0000000008001af8                DMA2_Stream2_IRQHandler
                0x0000000008001af8                SPI1_IRQHandler
                0x0000000008001af8                TIM6_DAC_IRQHandler
                0x0000000008001af8                TIM1_BRK_TIM9_IRQHandler
                0x0000000008001af8                DCMI_IRQHandler
                0x0000000008001af8                CAN2_RX0_IRQHandler
                0x0000000008001af8                DMA2_Stream3_IRQHandler
                0x0000000008001af8                USART6_IRQHandler
                0x0000000008001af8                USART3_IRQHandler
                0x0000000008001af8                CAN1_RX1_IRQHandler
                0x0000000008001af8                UART5_IRQHandler
                0x0000000008001af8                DMA2_Stream0_IRQHandler
                0x0000000008001af8                TIM4_IRQHandler
                0x0000000008001af8                I2C1_EV_IRQHandler
                0x0000000008001af8                DMA1_Stream6_IRQHandler
                0x0000000008001af8                DMA1_Stream1_IRQHandler
                0x0000000008001af8                UART4_IRQHandler
                0x0000000008001af8                TIM3_IRQHandler
                0x0000000008001af8                RCC_IRQHandler
                0x0000000008001af8                TIM8_BRK_TIM12_IRQHandler
                0x0000000008001af8                Default_Handler
                0x0000000008001af8                EXTI15_10_IRQHandler
                0x0000000008001af8                ADC_IRQHandler
                0x0000000008001af8                DMA1_Stream7_IRQHandler
                0x0000000008001af8                TIM7_IRQHandler
                0x0000000008001af8                CAN2_TX_IRQHandler
                0x0000000008001af8                TIM5_IRQHandler
                0x0000000008001af8                DMA2_Stream7_IRQHandler
                0x0000000008001af8                I2C3_EV_IRQHandler
                0x0000000008001af8                EXTI9_5_IRQHandler
                0x0000000008001af8                RTC_WKUP_IRQHandler
                0x0000000008001af8                ETH_WKUP_IRQHandler
                0x0000000008001af8                SPI2_IRQHandler
                0x0000000008001af8                OTG_HS_EP1_IN_IRQHandler
                0x0000000008001af8                DMA1_Stream0_IRQHandler
                0x0000000008001af8                CAN1_TX_IRQHandler
                0x0000000008001af8                EXTI4_IRQHandler
                0x0000000008001af8                FSMC_IRQHandler
                0x0000000008001af8                ETH_IRQHandler
                0x0000000008001af8                OTG_HS_EP1_OUT_IRQHandler
                0x0000000008001af8                WWDG_IRQHandler
                0x0000000008001af8                TIM2_IRQHandler
                0x0000000008001af8                OTG_FS_WKUP_IRQHandler
                0x0000000008001af8                TIM1_TRG_COM_TIM11_IRQHandler
                0x0000000008001af8                OTG_HS_IRQHandler
                0x0000000008001af8                EXTI1_IRQHandler
                0x0000000008001af8                USART2_IRQHandler
                0x0000000008001af8                I2C2_ER_IRQHandler
                0x0000000008001af8                DMA2_Stream1_IRQHandler
                0x0000000008001af8                CAN1_SCE_IRQHandler
                0x0000000008001af8                FLASH_IRQHandler
                0x0000000008001af8                DMA2_Stream4_IRQHandler
                0x0000000008001af8                USART1_IRQHandler
                0x0000000008001af8                OTG_FS_IRQHandler
                0x0000000008001af8                SPI3_IRQHandler
                0x0000000008001af8                DMA1_Stream4_IRQHandler
                0x0000000008001af8                I2C1_ER_IRQHandler
                0x0000000008001af8                DMA2_Stream6_IRQHandler
                0x0000000008001af8                DMA1_Stream3_IRQHandler
 *fill*         0x0000000008001afa        0x2 
 .text.HAL_Init
                0x0000000008001afc       0x44 ./Drivers/STM32F4xx_HAL_Driver/Src/stm32f4xx_hal.o
                0x0000000008001afc                HAL_Init
 .text.HAL_InitTick
                0x0000000008001b40       0x60 ./Drivers/STM32F4xx_HAL_Driver/Src/stm32f4xx_hal.o
                0x0000000008001b40                HAL_InitTick
 .text.HAL_IncTick
                0x0000000008001ba0       0x28 ./Drivers/STM32F4xx_HAL_Driver/Src/stm32f4xx_hal.o
                0x0000000008001ba0                HAL_IncTick
 .text.HAL_GetTick
                0x0000000008001bc8       0x18 ./Drivers/STM32F4xx_HAL_Driver/Src/stm32f4xx_hal.o
                0x0000000008001bc8                HAL_GetTick
 .text.HAL_Delay
                0x0000000008001be0       0x48 ./Drivers/STM32F4xx_HAL_Driver/Src/stm32f4xx_hal.o
                0x0000000008001be0                HAL_Delay
 .text.__NVIC_SetPriorityGrouping
                0x0000000008001c28       0x48 ./Drivers/STM32F4xx_HAL_Driver/Src/stm32f4xx_hal_cortex.o
 .text.__NVIC_GetPriorityGrouping
                0x0000000008001c70       0x1c ./Drivers/STM32F4xx_HAL_Driver/Src/stm32f4xx_hal_cortex.o
 .text.__NVIC_SetPriority
                0x0000000008001c8c       0x54 ./Drivers/STM32F4xx_HAL_Driver/Src/stm32f4xx_hal_cortex.o
 .text.NVIC_EncodePriority
                0x0000000008001ce0       0x66 ./Drivers/STM32F4xx_HAL_Driver/Src/stm32f4xx_hal_cortex.o
 *fill*         0x0000000008001d46        0x2 
 .text.SysTick_Config
                0x0000000008001d48       0x44 ./Drivers/STM32F4xx_HAL_Driver/Src/stm32f4xx_hal_cortex.o
 .text.HAL_NVIC_SetPriorityGrouping
                0x0000000008001d8c       0x16 ./Drivers/STM32F4xx_HAL_Driver/Src/stm32f4xx_hal_cortex.o
                0x0000000008001d8c                HAL_NVIC_SetPriorityGrouping
 .text.HAL_NVIC_SetPriority
                0x0000000008001da2       0x38 ./Drivers/STM32F4xx_HAL_Driver/Src/stm32f4xx_hal_cortex.o
                0x0000000008001da2                HAL_NVIC_SetPriority
 .text.HAL_SYSTICK_Config
                0x0000000008001dda       0x18 ./Drivers/STM32F4xx_HAL_Driver/Src/stm32f4xx_hal_cortex.o
                0x0000000008001dda                HAL_SYSTICK_Config
 *fill*         0x0000000008001df2        0x2 
 .text.HAL_GPIO_Init
                0x0000000008001df4      0x338 ./Drivers/STM32F4xx_HAL_Driver/Src/stm32f4xx_hal_gpio.o
                0x0000000008001df4                HAL_GPIO_Init
 .text.HAL_GPIO_WritePin
                0x000000000800212c       0x32 ./Drivers/STM32F4xx_HAL_Driver/Src/stm32f4xx_hal_gpio.o
                0x000000000800212c                HAL_GPIO_WritePin
 .text.HAL_GPIO_TogglePin
                0x000000000800215e       0x34 ./Drivers/STM32F4xx_HAL_Driver/Src/stm32f4xx_hal_gpio.o
                0x000000000800215e                HAL_GPIO_TogglePin
 *fill*         0x0000000008002192        0x2 
 .text.HAL_RCC_OscConfig
                0x0000000008002194      0x4f0 ./Drivers/STM32F4xx_HAL_Driver/Src/stm32f4xx_hal_rcc.o
                0x0000000008002194                HAL_RCC_OscConfig
 .text.HAL_RCC_ClockConfig
                0x0000000008002684      0x1cc ./Drivers/STM32F4xx_HAL_Driver/Src/stm32f4xx_hal_rcc.o
                0x0000000008002684                HAL_RCC_ClockConfig
 .text.HAL_RCC_GetSysClockFreq
                0x0000000008002850      0x18c ./Drivers/STM32F4xx_HAL_Driver/Src/stm32f4xx_hal_rcc.o
                0x0000000008002850                HAL_RCC_GetSysClockFreq
 .text.HAL_SPI_Init
                0x00000000080029dc      0x112 ./Drivers/STM32F4xx_HAL_Driver/Src/stm32f4xx_hal_spi.o
                0x00000000080029dc                HAL_SPI_Init
 .text.HAL_SPI_Transmit
                0x0000000008002aee      0x278 ./Drivers/STM32F4xx_HAL_Driver/Src/stm32f4xx_hal_spi.o
                0x0000000008002aee                HAL_SPI_Transmit
 .text.HAL_SPI_Receive
                0x0000000008002d66      0x222 ./Drivers/STM32F4xx_HAL_Driver/Src/stm32f4xx_hal_spi.o
                0x0000000008002d66                HAL_SPI_Receive
 .text.HAL_SPI_TransmitReceive
                0x0000000008002f88      0x344 ./Drivers/STM32F4xx_HAL_Driver/Src/stm32f4xx_hal_spi.o
                0x0000000008002f88                HAL_SPI_TransmitReceive
 .text.SPI_WaitFlagStateUntilTimeout
                0x00000000080032cc      0x110 ./Drivers/STM32F4xx_HAL_Driver/Src/stm32f4xx_hal_spi.o
 .text.SPI_EndRxTransaction
                0x00000000080033dc       0xca ./Drivers/STM32F4xx_HAL_Driver/Src/stm32f4xx_hal_spi.o
 *fill*         0x00000000080034a6        0x2 
 .text.SPI_EndRxTxTransaction
                0x00000000080034a8       0x84 ./Drivers/STM32F4xx_HAL_Driver/Src/stm32f4xx_hal_spi.o
 .text.HAL_TIM_Base_Init
                0x000000000800352c       0x9e ./Drivers/STM32F4xx_HAL_Driver/Src/stm32f4xx_hal_tim.o
                0x000000000800352c                HAL_TIM_Base_Init
 *fill*         0x00000000080035ca        0x2 
 .text.HAL_TIM_Base_Start
                0x00000000080035cc       0xd0 ./Drivers/STM32F4xx_HAL_Driver/Src/stm32f4xx_hal_tim.o
                0x00000000080035cc                HAL_TIM_Base_Start
 .text.TIM_Base_SetConfig
                0x000000000800369c      0x140 ./Drivers/STM32F4xx_HAL_Driver/Src/stm32f4xx_hal_tim.o
                0x000000000800369c                TIM_Base_SetConfig
 .text.HAL_TIMEx_MasterConfigSynchronization
                0x00000000080037dc       0xf8 ./Drivers/STM32F4xx_HAL_Driver/Src/stm32f4xx_hal_tim_ex.o
                0x00000000080037dc                HAL_TIMEx_MasterConfigSynchronization
 .text.__libc_init_array
                0x00000000080038d4       0x48 c:/st/stm32cubeide_1.11.0/stm32cubeide/plugins/com.st.stm32cube.ide.mcu.externaltools.gnu-tools-for-stm32.10.3-2021.10.win32_1.0.100.202210260954/tools/bin/../lib/gcc/arm-none-eabi/10.3.1/../../../../arm-none-eabi/lib/thumb/v7e-m+fp/hard\libc_nano.a(lib_a-init.o)
                0x00000000080038d4                __libc_init_array
 .text.memset   0x000000000800391c       0x10 c:/st/stm32cubeide_1.11.0/stm32cubeide/plugins/com.st.stm32cube.ide.mcu.externaltools.gnu-tools-for-stm32.10.3-2021.10.win32_1.0.100.202210260954/tools/bin/../lib/gcc/arm-none-eabi/10.3.1/../../../../arm-none-eabi/lib/thumb/v7e-m+fp/hard\libc_nano.a(lib_a-memset.o)
                0x000000000800391c                memset
 *(.glue_7)
 .glue_7        0x000000000800392c        0x0 linker stubs
 *(.glue_7t)
 .glue_7t       0x000000000800392c        0x0 linker stubs
 *(.eh_frame)
 .eh_frame      0x000000000800392c        0x0 c:/st/stm32cubeide_1.11.0/stm32cubeide/plugins/com.st.stm32cube.ide.mcu.externaltools.gnu-tools-for-stm32.10.3-2021.10.win32_1.0.100.202210260954/tools/bin/../lib/gcc/arm-none-eabi/10.3.1/thumb/v7e-m+fp/hard/crtbegin.o
 *(.init)
 .init          0x000000000800392c        0x4 c:/st/stm32cubeide_1.11.0/stm32cubeide/plugins/com.st.stm32cube.ide.mcu.externaltools.gnu-tools-for-stm32.10.3-2021.10.win32_1.0.100.202210260954/tools/bin/../lib/gcc/arm-none-eabi/10.3.1/thumb/v7e-m+fp/hard/crti.o
                0x000000000800392c                _init
 .init          0x0000000008003930        0x8 c:/st/stm32cubeide_1.11.0/stm32cubeide/plugins/com.st.stm32cube.ide.mcu.externaltools.gnu-tools-for-stm32.10.3-2021.10.win32_1.0.100.202210260954/tools/bin/../lib/gcc/arm-none-eabi/10.3.1/thumb/v7e-m+fp/hard/crtn.o
 *(.fini)
 .fini          0x0000000008003938        0x4 c:/st/stm32cubeide_1.11.0/stm32cubeide/plugins/com.st.stm32cube.ide.mcu.externaltools.gnu-tools-for-stm32.10.3-2021.10.win32_1.0.100.202210260954/tools/bin/../lib/gcc/arm-none-eabi/10.3.1/thumb/v7e-m+fp/hard/crti.o
                0x0000000008003938                _fini
 .fini          0x000000000800393c        0x8 c:/st/stm32cubeide_1.11.0/stm32cubeide/plugins/com.st.stm32cube.ide.mcu.externaltools.gnu-tools-for-stm32.10.3-2021.10.win32_1.0.100.202210260954/tools/bin/../lib/gcc/arm-none-eabi/10.3.1/thumb/v7e-m+fp/hard/crtn.o
                0x0000000008003944                . = ALIGN (0x4)
                0x0000000008003944                _etext = .

.vfp11_veneer   0x0000000008003944        0x0
 .vfp11_veneer  0x0000000008003944        0x0 linker stubs

.v4_bx          0x0000000008003944        0x0
 .v4_bx         0x0000000008003944        0x0 linker stubs

.iplt           0x0000000008003944        0x0
 .iplt          0x0000000008003944        0x0 c:/st/stm32cubeide_1.11.0/stm32cubeide/plugins/com.st.stm32cube.ide.mcu.externaltools.gnu-tools-for-stm32.10.3-2021.10.win32_1.0.100.202210260954/tools/bin/../lib/gcc/arm-none-eabi/10.3.1/thumb/v7e-m+fp/hard/crtbegin.o

.rodata         0x0000000008003944       0x54
                0x0000000008003944                . = ALIGN (0x4)
 *(.rodata)
 .rodata        0x0000000008003944        0x3 ./Core/Src/INA229.o
 *(.rodata*)
 *fill*         0x0000000008003947        0x1 
 .rodata.INA229_regSize
                0x0000000008003948       0x40 ./Core/Src/INA229.o
                0x0000000008003948                INA229_regSize
 .rodata.AHBPrescTable
                0x0000000008003988       0x10 ./Core/Src/system_stm32f4xx.o
                0x0000000008003988                AHBPrescTable
                0x0000000008003998                . = ALIGN (0x4)

.ARM.extab      0x0000000008003998        0x0
                0x0000000008003998                . = ALIGN (0x4)
 *(.ARM.extab* .gnu.linkonce.armextab.*)
                0x0000000008003998                . = ALIGN (0x4)

.ARM            0x0000000008003998        0x8
                0x0000000008003998                . = ALIGN (0x4)
                0x0000000008003998                __exidx_start = .
 *(.ARM.exidx*)
 .ARM.exidx     0x0000000008003998        0x8 c:/st/stm32cubeide_1.11.0/stm32cubeide/plugins/com.st.stm32cube.ide.mcu.externaltools.gnu-tools-for-stm32.10.3-2021.10.win32_1.0.100.202210260954/tools/bin/../lib/gcc/arm-none-eabi/10.3.1/thumb/v7e-m+fp/hard\libgcc.a(_udivmoddi4.o)
                0x00000000080039a0                __exidx_end = .
                0x00000000080039a0                . = ALIGN (0x4)

.rel.dyn        0x00000000080039a0        0x0
 .rel.iplt      0x00000000080039a0        0x0 c:/st/stm32cubeide_1.11.0/stm32cubeide/plugins/com.st.stm32cube.ide.mcu.externaltools.gnu-tools-for-stm32.10.3-2021.10.win32_1.0.100.202210260954/tools/bin/../lib/gcc/arm-none-eabi/10.3.1/thumb/v7e-m+fp/hard/crtbegin.o

.preinit_array  0x00000000080039a0        0x0
                0x00000000080039a0                . = ALIGN (0x4)
                0x00000000080039a0                PROVIDE (__preinit_array_start = .)
 *(.preinit_array*)
                0x00000000080039a0                PROVIDE (__preinit_array_end = .)
                0x00000000080039a0                . = ALIGN (0x4)

.init_array     0x00000000080039a0        0x4
                0x00000000080039a0                . = ALIGN (0x4)
                0x00000000080039a0                PROVIDE (__init_array_start = .)
 *(SORT_BY_NAME(.init_array.*))
 *(.init_array*)
 .init_array    0x00000000080039a0        0x4 c:/st/stm32cubeide_1.11.0/stm32cubeide/plugins/com.st.stm32cube.ide.mcu.externaltools.gnu-tools-for-stm32.10.3-2021.10.win32_1.0.100.202210260954/tools/bin/../lib/gcc/arm-none-eabi/10.3.1/thumb/v7e-m+fp/hard/crtbegin.o
                0x00000000080039a4                PROVIDE (__init_array_end = .)
                0x00000000080039a4                . = ALIGN (0x4)

.fini_array     0x00000000080039a4        0x4
                0x00000000080039a4                . = ALIGN (0x4)
                [!provide]                        PROVIDE (__fini_array_start = .)
 *(SORT_BY_NAME(.fini_array.*))
 *(.fini_array*)
 .fini_array    0x00000000080039a4        0x4 c:/st/stm32cubeide_1.11.0/stm32cubeide/plugins/com.st.stm32cube.ide.mcu.externaltools.gnu-tools-for-stm32.10.3-2021.10.win32_1.0.100.202210260954/tools/bin/../lib/gcc/arm-none-eabi/10.3.1/thumb/v7e-m+fp/hard/crtbegin.o
                [!provide]                        PROVIDE (__fini_array_end = .)
                0x00000000080039a8                . = ALIGN (0x4)
                0x00000000080039a8                _sidata = LOADADDR (.data)

.data           0x0000000020000000       0x2c load address 0x00000000080039a8
                0x0000000020000000                . = ALIGN (0x4)
                0x0000000020000000                _sdata = .
 *(.data)
 *(.data*)
 .data.INA229_1_state
                0x0000000020000000       0x20 ./Core/Src/INA229.o
 .data.SystemCoreClock
                0x0000000020000020        0x4 ./Core/Src/system_stm32f4xx.o
                0x0000000020000020                SystemCoreClock
 .data.uwTickPrio
                0x0000000020000024        0x4 ./Drivers/STM32F4xx_HAL_Driver/Src/stm32f4xx_hal.o
                0x0000000020000024                uwTickPrio
 .data.uwTickFreq
                0x0000000020000028        0x1 ./Drivers/STM32F4xx_HAL_Driver/Src/stm32f4xx_hal.o
                0x0000000020000028                uwTickFreq
 *(.RamFunc)
 *(.RamFunc*)
                0x000000002000002c                . = ALIGN (0x4)
 *fill*         0x0000000020000029        0x3 
                0x000000002000002c                _edata = .
                0x00000000080039d4                _siccmram = LOADADDR (.ccmram)

.igot.plt       0x000000002000002c        0x0 load address 0x00000000080039d4
 .igot.plt      0x000000002000002c        0x0 c:/st/stm32cubeide_1.11.0/stm32cubeide/plugins/com.st.stm32cube.ide.mcu.externaltools.gnu-tools-for-stm32.10.3-2021.10.win32_1.0.100.202210260954/tools/bin/../lib/gcc/arm-none-eabi/10.3.1/thumb/v7e-m+fp/hard/crtbegin.o

.ccmram         0x0000000010000000        0x0 load address 0x00000000080039d4
                0x0000000010000000                . = ALIGN (0x4)
                0x0000000010000000                _sccmram = .
 *(.ccmram)
 *(.ccmram*)
                0x0000000010000000                . = ALIGN (0x4)
                0x0000000010000000                _eccmram = .
                0x0000000010000000                . = ALIGN (0x4)

.bss            0x000000002000002c       0xdc
                0x000000002000002c                _sbss = .
                0x000000002000002c                __bss_start__ = _sbss
 *(.bss)
 .bss           0x000000002000002c       0x1c c:/st/stm32cubeide_1.11.0/stm32cubeide/plugins/com.st.stm32cube.ide.mcu.externaltools.gnu-tools-for-stm32.10.3-2021.10.win32_1.0.100.202210260954/tools/bin/../lib/gcc/arm-none-eabi/10.3.1/thumb/v7e-m+fp/hard/crtbegin.o
 *(.bss*)
 .bss.INA229_SPI
                0x0000000020000048        0x4 ./Core/Src/INA229.o
                0x0000000020000048                INA229_SPI
 .bss.Delay_Timer
                0x000000002000004c        0x4 ./Core/Src/INA229.o
                0x000000002000004c                Delay_Timer
 .bss.previousMillis.0
                0x0000000020000050        0x2 ./Core/Src/INA229.o
 *fill*         0x0000000020000052        0x2 
 .bss.hspi2     0x0000000020000054       0x58 ./Core/Src/main.o
                0x0000000020000054                hspi2
 .bss.htim6     0x00000000200000ac       0x48 ./Core/Src/main.o
                0x00000000200000ac                htim6
 .bss.INA299_Values
                0x00000000200000f4       0x10 ./Core/Src/main.o
                0x00000000200000f4                INA299_Values
 .bss.uwTick    0x0000000020000104        0x4 ./Drivers/STM32F4xx_HAL_Driver/Src/stm32f4xx_hal.o
                0x0000000020000104                uwTick
 *(COMMON)
                0x0000000020000108                . = ALIGN (0x4)
                0x0000000020000108                _ebss = .
                0x0000000020000108                __bss_end__ = _ebss

._user_heap_stack
                0x0000000020000108      0x600
                0x0000000020000108                . = ALIGN (0x8)
                [!provide]                        PROVIDE (end = .)
                0x0000000020000108                PROVIDE (_end = .)
                0x0000000020000308                . = (. + _Min_Heap_Size)
 *fill*         0x0000000020000108      0x200 
                0x0000000020000708                . = (. + _Min_Stack_Size)
 *fill*         0x0000000020000308      0x400 
                0x0000000020000708                . = ALIGN (0x8)

/DISCARD/
 libc.a(*)
 libm.a(*)
 libgcc.a(*)

.ARM.attributes
                0x0000000000000000       0x30
 *(.ARM.attributes)
 .ARM.attributes
                0x0000000000000000       0x1e c:/st/stm32cubeide_1.11.0/stm32cubeide/plugins/com.st.stm32cube.ide.mcu.externaltools.gnu-tools-for-stm32.10.3-2021.10.win32_1.0.100.202210260954/tools/bin/../lib/gcc/arm-none-eabi/10.3.1/thumb/v7e-m+fp/hard/crti.o
 .ARM.attributes
                0x000000000000001e       0x34 c:/st/stm32cubeide_1.11.0/stm32cubeide/plugins/com.st.stm32cube.ide.mcu.externaltools.gnu-tools-for-stm32.10.3-2021.10.win32_1.0.100.202210260954/tools/bin/../lib/gcc/arm-none-eabi/10.3.1/thumb/v7e-m+fp/hard/crtbegin.o
 .ARM.attributes
                0x0000000000000052       0x34 ./Core/Src/INA229.o
 .ARM.attributes
                0x0000000000000086       0x34 ./Core/Src/main.o
 .ARM.attributes
                0x00000000000000ba       0x34 ./Core/Src/stm32f4xx_hal_msp.o
 .ARM.attributes
                0x00000000000000ee       0x34 ./Core/Src/stm32f4xx_it.o
 .ARM.attributes
                0x0000000000000122       0x34 ./Core/Src/system_stm32f4xx.o
 .ARM.attributes
                0x0000000000000156       0x21 ./Core/Startup/startup_stm32f407vgtx.o
 .ARM.attributes
                0x0000000000000177       0x34 ./Drivers/STM32F4xx_HAL_Driver/Src/stm32f4xx_hal.o
 .ARM.attributes
                0x00000000000001ab       0x34 ./Drivers/STM32F4xx_HAL_Driver/Src/stm32f4xx_hal_cortex.o
 .ARM.attributes
                0x00000000000001df       0x34 ./Drivers/STM32F4xx_HAL_Driver/Src/stm32f4xx_hal_gpio.o
 .ARM.attributes
                0x0000000000000213       0x34 ./Drivers/STM32F4xx_HAL_Driver/Src/stm32f4xx_hal_rcc.o
 .ARM.attributes
                0x0000000000000247       0x34 ./Drivers/STM32F4xx_HAL_Driver/Src/stm32f4xx_hal_spi.o
 .ARM.attributes
                0x000000000000027b       0x34 ./Drivers/STM32F4xx_HAL_Driver/Src/stm32f4xx_hal_tim.o
 .ARM.attributes
                0x00000000000002af       0x34 ./Drivers/STM32F4xx_HAL_Driver/Src/stm32f4xx_hal_tim_ex.o
 .ARM.attributes
                0x00000000000002e3       0x34 c:/st/stm32cubeide_1.11.0/stm32cubeide/plugins/com.st.stm32cube.ide.mcu.externaltools.gnu-tools-for-stm32.10.3-2021.10.win32_1.0.100.202210260954/tools/bin/../lib/gcc/arm-none-eabi/10.3.1/../../../../arm-none-eabi/lib/thumb/v7e-m+fp/hard\libc_nano.a(lib_a-init.o)
 .ARM.attributes
                0x0000000000000317       0x34 c:/st/stm32cubeide_1.11.0/stm32cubeide/plugins/com.st.stm32cube.ide.mcu.externaltools.gnu-tools-for-stm32.10.3-2021.10.win32_1.0.100.202210260954/tools/bin/../lib/gcc/arm-none-eabi/10.3.1/../../../../arm-none-eabi/lib/thumb/v7e-m+fp/hard\libc_nano.a(lib_a-memset.o)
 .ARM.attributes
                0x000000000000034b       0x1e c:/st/stm32cubeide_1.11.0/stm32cubeide/plugins/com.st.stm32cube.ide.mcu.externaltools.gnu-tools-for-stm32.10.3-2021.10.win32_1.0.100.202210260954/tools/bin/../lib/gcc/arm-none-eabi/10.3.1/thumb/v7e-m+fp/hard\libgcc.a(_arm_addsubdf3.o)
 .ARM.attributes
                0x0000000000000369       0x1e c:/st/stm32cubeide_1.11.0/stm32cubeide/plugins/com.st.stm32cube.ide.mcu.externaltools.gnu-tools-for-stm32.10.3-2021.10.win32_1.0.100.202210260954/tools/bin/../lib/gcc/arm-none-eabi/10.3.1/thumb/v7e-m+fp/hard\libgcc.a(_arm_muldivdf3.o)
 .ARM.attributes
                0x0000000000000387       0x1e c:/st/stm32cubeide_1.11.0/stm32cubeide/plugins/com.st.stm32cube.ide.mcu.externaltools.gnu-tools-for-stm32.10.3-2021.10.win32_1.0.100.202210260954/tools/bin/../lib/gcc/arm-none-eabi/10.3.1/thumb/v7e-m+fp/hard\libgcc.a(_arm_truncdfsf2.o)
 .ARM.attributes
                0x00000000000003a5       0x1e c:/st/stm32cubeide_1.11.0/stm32cubeide/plugins/com.st.stm32cube.ide.mcu.externaltools.gnu-tools-for-stm32.10.3-2021.10.win32_1.0.100.202210260954/tools/bin/../lib/gcc/arm-none-eabi/10.3.1/thumb/v7e-m+fp/hard\libgcc.a(_arm_addsubsf3.o)
 .ARM.attributes
                0x00000000000003c3       0x1e c:/st/stm32cubeide_1.11.0/stm32cubeide/plugins/com.st.stm32cube.ide.mcu.externaltools.gnu-tools-for-stm32.10.3-2021.10.win32_1.0.100.202210260954/tools/bin/../lib/gcc/arm-none-eabi/10.3.1/thumb/v7e-m+fp/hard\libgcc.a(_aeabi_uldivmod.o)
 .ARM.attributes
                0x00000000000003e1       0x34 c:/st/stm32cubeide_1.11.0/stm32cubeide/plugins/com.st.stm32cube.ide.mcu.externaltools.gnu-tools-for-stm32.10.3-2021.10.win32_1.0.100.202210260954/tools/bin/../lib/gcc/arm-none-eabi/10.3.1/thumb/v7e-m+fp/hard\libgcc.a(_udivmoddi4.o)
 .ARM.attributes
                0x0000000000000415       0x1e c:/st/stm32cubeide_1.11.0/stm32cubeide/plugins/com.st.stm32cube.ide.mcu.externaltools.gnu-tools-for-stm32.10.3-2021.10.win32_1.0.100.202210260954/tools/bin/../lib/gcc/arm-none-eabi/10.3.1/thumb/v7e-m+fp/hard\libgcc.a(_dvmd_tls.o)
 .ARM.attributes
                0x0000000000000433       0x1e c:/st/stm32cubeide_1.11.0/stm32cubeide/plugins/com.st.stm32cube.ide.mcu.externaltools.gnu-tools-for-stm32.10.3-2021.10.win32_1.0.100.202210260954/tools/bin/../lib/gcc/arm-none-eabi/10.3.1/thumb/v7e-m+fp/hard/crtn.o
OUTPUT(STM32F407VG_INA229_SPI_PowerSence_API.elf elf32-littlearm)
LOAD linker stubs
LOAD c:/st/stm32cubeide_1.11.0/stm32cubeide/plugins/com.st.stm32cube.ide.mcu.externaltools.gnu-tools-for-stm32.10.3-2021.10.win32_1.0.100.202210260954/tools/bin/../lib/gcc/arm-none-eabi/10.3.1/../../../../arm-none-eabi/lib/thumb/v7e-m+fp/hard\libc.a
LOAD c:/st/stm32cubeide_1.11.0/stm32cubeide/plugins/com.st.stm32cube.ide.mcu.externaltools.gnu-tools-for-stm32.10.3-2021.10.win32_1.0.100.202210260954/tools/bin/../lib/gcc/arm-none-eabi/10.3.1/../../../../arm-none-eabi/lib/thumb/v7e-m+fp/hard\libm.a
LOAD c:/st/stm32cubeide_1.11.0/stm32cubeide/plugins/com.st.stm32cube.ide.mcu.externaltools.gnu-tools-for-stm32.10.3-2021.10.win32_1.0.100.202210260954/tools/bin/../lib/gcc/arm-none-eabi/10.3.1/thumb/v7e-m+fp/hard\libgcc.a

.debug_info     0x0000000000000000     0xb873
 .debug_info    0x0000000000000000     0x1225 ./Core/Src/INA229.o
 .debug_info    0x0000000000001225     0x1109 ./Core/Src/main.o
 .debug_info    0x000000000000232e      0xd82 ./Core/Src/stm32f4xx_hal_msp.o
 .debug_info    0x00000000000030b0      0x121 ./Core/Src/stm32f4xx_it.o
 .debug_info    0x00000000000031d1      0x523 ./Core/Src/system_stm32f4xx.o
 .debug_info    0x00000000000036f4       0x22 ./Core/Startup/startup_stm32f407vgtx.o
 .debug_info    0x0000000000003716      0x97c ./Drivers/STM32F4xx_HAL_Driver/Src/stm32f4xx_hal.o
 .debug_info    0x0000000000004092      0xe1b ./Drivers/STM32F4xx_HAL_Driver/Src/stm32f4xx_hal_cortex.o
 .debug_info    0x0000000000004ead      0x76a ./Drivers/STM32F4xx_HAL_Driver/Src/stm32f4xx_hal_gpio.o
 .debug_info    0x0000000000005617      0x966 ./Drivers/STM32F4xx_HAL_Driver/Src/stm32f4xx_hal_rcc.o
 .debug_info    0x0000000000005f7d     0x1758 ./Drivers/STM32F4xx_HAL_Driver/Src/stm32f4xx_hal_spi.o
 .debug_info    0x00000000000076d5     0x2bbe ./Drivers/STM32F4xx_HAL_Driver/Src/stm32f4xx_hal_tim.o
 .debug_info    0x000000000000a293     0x15e0 ./Drivers/STM32F4xx_HAL_Driver/Src/stm32f4xx_hal_tim_ex.o

.debug_abbrev   0x0000000000000000     0x1932
 .debug_abbrev  0x0000000000000000      0x287 ./Core/Src/INA229.o
 .debug_abbrev  0x0000000000000287      0x28b ./Core/Src/main.o
 .debug_abbrev  0x0000000000000512      0x1c3 ./Core/Src/stm32f4xx_hal_msp.o
 .debug_abbrev  0x00000000000006d5       0x74 ./Core/Src/stm32f4xx_it.o
 .debug_abbrev  0x0000000000000749      0x116 ./Core/Src/system_stm32f4xx.o
 .debug_abbrev  0x000000000000085f       0x12 ./Core/Startup/startup_stm32f407vgtx.o
 .debug_abbrev  0x0000000000000871      0x20d ./Drivers/STM32F4xx_HAL_Driver/Src/stm32f4xx_hal.o
 .debug_abbrev  0x0000000000000a7e      0x316 ./Drivers/STM32F4xx_HAL_Driver/Src/stm32f4xx_hal_cortex.o
 .debug_abbrev  0x0000000000000d94      0x1c4 ./Drivers/STM32F4xx_HAL_Driver/Src/stm32f4xx_hal_gpio.o
 .debug_abbrev  0x0000000000000f58      0x2aa ./Drivers/STM32F4xx_HAL_Driver/Src/stm32f4xx_hal_rcc.o
 .debug_abbrev  0x0000000000001202      0x26e ./Drivers/STM32F4xx_HAL_Driver/Src/stm32f4xx_hal_spi.o
 .debug_abbrev  0x0000000000001470      0x25d ./Drivers/STM32F4xx_HAL_Driver/Src/stm32f4xx_hal_tim.o
 .debug_abbrev  0x00000000000016cd      0x265 ./Drivers/STM32F4xx_HAL_Driver/Src/stm32f4xx_hal_tim_ex.o

.debug_aranges  0x0000000000000000      0xbe0
 .debug_aranges
                0x0000000000000000       0xb0 ./Core/Src/INA229.o
 .debug_aranges
                0x00000000000000b0       0x50 ./Core/Src/main.o
 .debug_aranges
                0x0000000000000100       0x40 ./Core/Src/stm32f4xx_hal_msp.o
 .debug_aranges
                0x0000000000000140       0x60 ./Core/Src/stm32f4xx_it.o
 .debug_aranges
                0x00000000000001a0       0x28 ./Core/Src/system_stm32f4xx.o
 .debug_aranges
                0x00000000000001c8       0x28 ./Core/Startup/startup_stm32f407vgtx.o
 .debug_aranges
                0x00000000000001f0       0xf0 ./Drivers/STM32F4xx_HAL_Driver/Src/stm32f4xx_hal.o
 .debug_aranges
                0x00000000000002e0      0x118 ./Drivers/STM32F4xx_HAL_Driver/Src/stm32f4xx_hal_cortex.o
 .debug_aranges
                0x00000000000003f8       0x58 ./Drivers/STM32F4xx_HAL_Driver/Src/stm32f4xx_hal_gpio.o
 .debug_aranges
                0x0000000000000450       0x88 ./Drivers/STM32F4xx_HAL_Driver/Src/stm32f4xx_hal_rcc.o
 .debug_aranges
                0x00000000000004d8      0x1d0 ./Drivers/STM32F4xx_HAL_Driver/Src/stm32f4xx_hal_spi.o
 .debug_aranges
                0x00000000000006a8      0x3d0 ./Drivers/STM32F4xx_HAL_Driver/Src/stm32f4xx_hal_tim.o
 .debug_aranges
                0x0000000000000a78      0x168 ./Drivers/STM32F4xx_HAL_Driver/Src/stm32f4xx_hal_tim_ex.o

.debug_ranges   0x0000000000000000      0xb18
 .debug_ranges  0x0000000000000000       0xa0 ./Core/Src/INA229.o
 .debug_ranges  0x00000000000000a0       0x40 ./Core/Src/main.o
 .debug_ranges  0x00000000000000e0       0x30 ./Core/Src/stm32f4xx_hal_msp.o
 .debug_ranges  0x0000000000000110       0x50 ./Core/Src/stm32f4xx_it.o
 .debug_ranges  0x0000000000000160       0x18 ./Core/Src/system_stm32f4xx.o
 .debug_ranges  0x0000000000000178       0x20 ./Core/Startup/startup_stm32f407vgtx.o
 .debug_ranges  0x0000000000000198       0xe0 ./Drivers/STM32F4xx_HAL_Driver/Src/stm32f4xx_hal.o
 .debug_ranges  0x0000000000000278      0x108 ./Drivers/STM32F4xx_HAL_Driver/Src/stm32f4xx_hal_cortex.o
 .debug_ranges  0x0000000000000380       0x48 ./Drivers/STM32F4xx_HAL_Driver/Src/stm32f4xx_hal_gpio.o
 .debug_ranges  0x00000000000003c8       0x78 ./Drivers/STM32F4xx_HAL_Driver/Src/stm32f4xx_hal_rcc.o
 .debug_ranges  0x0000000000000440      0x1c0 ./Drivers/STM32F4xx_HAL_Driver/Src/stm32f4xx_hal_spi.o
 .debug_ranges  0x0000000000000600      0x3c0 ./Drivers/STM32F4xx_HAL_Driver/Src/stm32f4xx_hal_tim.o
 .debug_ranges  0x00000000000009c0      0x158 ./Drivers/STM32F4xx_HAL_Driver/Src/stm32f4xx_hal_tim_ex.o

.debug_macro    0x0000000000000000    0x20c2b
 .debug_macro   0x0000000000000000      0x1f2 ./Core/Src/INA229.o
 .debug_macro   0x00000000000001f2      0xa78 ./Core/Src/INA229.o
 .debug_macro   0x0000000000000c6a      0x29b ./Core/Src/INA229.o
 .debug_macro   0x0000000000000f05       0x2e ./Core/Src/INA229.o
 .debug_macro   0x0000000000000f33       0x2f ./Core/Src/INA229.o
 .debug_macro   0x0000000000000f62       0x22 ./Core/Src/INA229.o
 .debug_macro   0x0000000000000f84       0x8e ./Core/Src/INA229.o
 .debug_macro   0x0000000000001012       0x51 ./Core/Src/INA229.o
 .debug_macro   0x0000000000001063      0x103 ./Core/Src/INA229.o
 .debug_macro   0x0000000000001166       0x6a ./Core/Src/INA229.o
 .debug_macro   0x00000000000011d0      0x1df ./Core/Src/INA229.o
 .debug_macro   0x00000000000013af       0x1c ./Core/Src/INA229.o
 .debug_macro   0x00000000000013cb       0x22 ./Core/Src/INA229.o
 .debug_macro   0x00000000000013ed       0xd9 ./Core/Src/INA229.o
 .debug_macro   0x00000000000014c6     0x102d ./Core/Src/INA229.o
 .debug_macro   0x00000000000024f3      0x11f ./Core/Src/INA229.o
 .debug_macro   0x0000000000002612    0x15e82 ./Core/Src/INA229.o
 .debug_macro   0x0000000000018494       0x6d ./Core/Src/INA229.o
 .debug_macro   0x0000000000018501     0x367e ./Core/Src/INA229.o
 .debug_macro   0x000000000001bb7f      0x174 ./Core/Src/INA229.o
 .debug_macro   0x000000000001bcf3       0x5c ./Core/Src/INA229.o
 .debug_macro   0x000000000001bd4f      0x96b ./Core/Src/INA229.o
 .debug_macro   0x000000000001c6ba      0x9fe ./Core/Src/INA229.o
 .debug_macro   0x000000000001d0b8      0x115 ./Core/Src/INA229.o
 .debug_macro   0x000000000001d1cd      0x13e ./Core/Src/INA229.o
 .debug_macro   0x000000000001d30b       0xa5 ./Core/Src/INA229.o
 .debug_macro   0x000000000001d3b0      0x174 ./Core/Src/INA229.o
 .debug_macro   0x000000000001d524      0x287 ./Core/Src/INA229.o
 .debug_macro   0x000000000001d7ab       0x5f ./Core/Src/INA229.o
 .debug_macro   0x000000000001d80a      0x236 ./Core/Src/INA229.o
 .debug_macro   0x000000000001da40      0x12c ./Core/Src/INA229.o
 .debug_macro   0x000000000001db6c      0x21e ./Core/Src/INA229.o
 .debug_macro   0x000000000001dd8a       0x2e ./Core/Src/INA229.o
 .debug_macro   0x000000000001ddb8      0x11a ./Core/Src/INA229.o
 .debug_macro   0x000000000001ded2       0x7e ./Core/Src/INA229.o
 .debug_macro   0x000000000001df50       0x89 ./Core/Src/INA229.o
 .debug_macro   0x000000000001dfd9      0x225 ./Core/Src/INA229.o
 .debug_macro   0x000000000001e1fe      0x8e6 ./Core/Src/INA229.o
 .debug_macro   0x000000000001eae4       0x47 ./Core/Src/INA229.o
 .debug_macro   0x000000000001eb2b      0x12d ./Core/Src/INA229.o
 .debug_macro   0x000000000001ec58       0x34 ./Core/Src/INA229.o
 .debug_macro   0x000000000001ec8c      0x2be ./Core/Src/INA229.o
 .debug_macro   0x000000000001ef4a      0x2bc ./Core/Src/main.o
 .debug_macro   0x000000000001f206       0x1e ./Core/Src/main.o
 .debug_macro   0x000000000001f224       0x52 ./Core/Src/main.o
 .debug_macro   0x000000000001f276       0x3c ./Core/Src/main.o
 .debug_macro   0x000000000001f2b2       0x34 ./Core/Src/main.o
 .debug_macro   0x000000000001f2e6       0x16 ./Core/Src/main.o
 .debug_macro   0x000000000001f2fc       0x35 ./Core/Src/main.o
 .debug_macro   0x000000000001f331       0x16 ./Core/Src/main.o
 .debug_macro   0x000000000001f347       0x43 ./Core/Src/main.o
 .debug_macro   0x000000000001f38a       0x34 ./Core/Src/main.o
 .debug_macro   0x000000000001f3be       0x10 ./Core/Src/main.o
 .debug_macro   0x000000000001f3ce       0x58 ./Core/Src/main.o
 .debug_macro   0x000000000001f426       0x71 ./Core/Src/main.o
 .debug_macro   0x000000000001f497       0x1c ./Core/Src/main.o
 .debug_macro   0x000000000001f4b3      0x12a ./Core/Src/main.o
 .debug_macro   0x000000000001f5dd      0x341 ./Core/Src/main.o
 .debug_macro   0x000000000001f91e       0x16 ./Core/Src/main.o
 .debug_macro   0x000000000001f934       0x29 ./Core/Src/main.o
 .debug_macro   0x000000000001f95d      0x1dd ./Core/Src/stm32f4xx_hal_msp.o
 .debug_macro   0x000000000001fb3a      0x1e7 ./Core/Src/stm32f4xx_it.o
 .debug_macro   0x000000000001fd21      0x1ce ./Core/Src/system_stm32f4xx.o
 .debug_macro   0x000000000001feef      0x22e ./Drivers/STM32F4xx_HAL_Driver/Src/stm32f4xx_hal.o
 .debug_macro   0x000000000002011d      0x1ce ./Drivers/STM32F4xx_HAL_Driver/Src/stm32f4xx_hal_cortex.o
 .debug_macro   0x00000000000202eb      0x1d4 ./Drivers/STM32F4xx_HAL_Driver/Src/stm32f4xx_hal_gpio.o
 .debug_macro   0x00000000000204bf      0x1f2 ./Drivers/STM32F4xx_HAL_Driver/Src/stm32f4xx_hal_rcc.o
 .debug_macro   0x00000000000206b1      0x1dd ./Drivers/STM32F4xx_HAL_Driver/Src/stm32f4xx_hal_spi.o
 .debug_macro   0x000000000002088e      0x1cf ./Drivers/STM32F4xx_HAL_Driver/Src/stm32f4xx_hal_tim.o
 .debug_macro   0x0000000000020a5d      0x1ce ./Drivers/STM32F4xx_HAL_Driver/Src/stm32f4xx_hal_tim_ex.o

.debug_line     0x0000000000000000     0xc4d9
 .debug_line    0x0000000000000000      0x9ea ./Core/Src/INA229.o
 .debug_line    0x00000000000009ea      0x987 ./Core/Src/main.o
 .debug_line    0x0000000000001371      0x759 ./Core/Src/stm32f4xx_hal_msp.o
 .debug_line    0x0000000000001aca      0x785 ./Core/Src/stm32f4xx_it.o
 .debug_line    0x000000000000224f      0x744 ./Core/Src/system_stm32f4xx.o
 .debug_line    0x0000000000002993       0x88 ./Core/Startup/startup_stm32f407vgtx.o
 .debug_line    0x0000000000002a1b      0x9aa ./Drivers/STM32F4xx_HAL_Driver/Src/stm32f4xx_hal.o
 .debug_line    0x00000000000033c5      0xc59 ./Drivers/STM32F4xx_HAL_Driver/Src/stm32f4xx_hal_cortex.o
 .debug_line    0x000000000000401e      0xb1e ./Drivers/STM32F4xx_HAL_Driver/Src/stm32f4xx_hal_gpio.o
 .debug_line    0x0000000000004b3c      0xd24 ./Drivers/STM32F4xx_HAL_Driver/Src/stm32f4xx_hal_rcc.o
 .debug_line    0x0000000000005860     0x1c34 ./Drivers/STM32F4xx_HAL_Driver/Src/stm32f4xx_hal_spi.o
 .debug_line    0x0000000000007494     0x369e ./Drivers/STM32F4xx_HAL_Driver/Src/stm32f4xx_hal_tim.o
 .debug_line    0x000000000000ab32     0x19a7 ./Drivers/STM32F4xx_HAL_Driver/Src/stm32f4xx_hal_tim_ex.o

.debug_str      0x0000000000000000    0xcac62
 .debug_str     0x0000000000000000    0xc4de9 ./Core/Src/INA229.o
                                      0xc5193 (size before relaxing)
 .debug_str     0x00000000000c4de9     0x3236 ./Core/Src/main.o
                                      0xc8064 (size before relaxing)
 .debug_str     0x00000000000c801f       0x94 ./Core/Src/stm32f4xx_hal_msp.o
                                      0xc37e7 (size before relaxing)
 .debug_str     0x00000000000c80b3       0xc9 ./Core/Src/stm32f4xx_it.o
                                      0xc2f67 (size before relaxing)
 .debug_str     0x00000000000c817c       0xdb ./Core/Src/system_stm32f4xx.o
                                      0xc2fce (size before relaxing)
 .debug_str     0x00000000000c8257       0x36 ./Core/Startup/startup_stm32f407vgtx.o
                                         0x8c (size before relaxing)
 .debug_str     0x00000000000c828d      0xaf3 ./Drivers/STM32F4xx_HAL_Driver/Src/stm32f4xx_hal.o
                                      0xc3b52 (size before relaxing)
 .debug_str     0x00000000000c8d80      0x354 ./Drivers/STM32F4xx_HAL_Driver/Src/stm32f4xx_hal_cortex.o
                                      0xc3885 (size before relaxing)
 .debug_str     0x00000000000c90d4      0x10e ./Drivers/STM32F4xx_HAL_Driver/Src/stm32f4xx_hal_gpio.o
                                      0xc3149 (size before relaxing)
 .debug_str     0x00000000000c91e2      0x228 ./Drivers/STM32F4xx_HAL_Driver/Src/stm32f4xx_hal_rcc.o
                                      0xc3402 (size before relaxing)
 .debug_str     0x00000000000c940a      0x57c ./Drivers/STM32F4xx_HAL_Driver/Src/stm32f4xx_hal_spi.o
                                      0xc3892 (size before relaxing)
 .debug_str     0x00000000000c9986      0xe49 ./Drivers/STM32F4xx_HAL_Driver/Src/stm32f4xx_hal_tim.o
                                      0xc4348 (size before relaxing)
 .debug_str     0x00000000000ca7cf      0x493 ./Drivers/STM32F4xx_HAL_Driver/Src/stm32f4xx_hal_tim_ex.o
                                      0xc3b64 (size before relaxing)

.comment        0x0000000000000000       0x50
 .comment       0x0000000000000000       0x50 ./Core/Src/INA229.o
                                         0x51 (size before relaxing)
 .comment       0x0000000000000050       0x51 ./Core/Src/main.o
 .comment       0x0000000000000050       0x51 ./Core/Src/stm32f4xx_hal_msp.o
 .comment       0x0000000000000050       0x51 ./Core/Src/stm32f4xx_it.o
 .comment       0x0000000000000050       0x51 ./Core/Src/system_stm32f4xx.o
 .comment       0x0000000000000050       0x51 ./Drivers/STM32F4xx_HAL_Driver/Src/stm32f4xx_hal.o
 .comment       0x0000000000000050       0x51 ./Drivers/STM32F4xx_HAL_Driver/Src/stm32f4xx_hal_cortex.o
 .comment       0x0000000000000050       0x51 ./Drivers/STM32F4xx_HAL_Driver/Src/stm32f4xx_hal_gpio.o
 .comment       0x0000000000000050       0x51 ./Drivers/STM32F4xx_HAL_Driver/Src/stm32f4xx_hal_rcc.o
 .comment       0x0000000000000050       0x51 ./Drivers/STM32F4xx_HAL_Driver/Src/stm32f4xx_hal_spi.o
 .comment       0x0000000000000050       0x51 ./Drivers/STM32F4xx_HAL_Driver/Src/stm32f4xx_hal_tim.o
 .comment       0x0000000000000050       0x51 ./Drivers/STM32F4xx_HAL_Driver/Src/stm32f4xx_hal_tim_ex.o

.debug_frame    0x0000000000000000     0x3364
 .debug_frame   0x0000000000000000      0x2cc ./Core/Src/INA229.o
 .debug_frame   0x00000000000002cc       0xe8 ./Core/Src/main.o
 .debug_frame   0x00000000000003b4       0xd0 ./Core/Src/stm32f4xx_hal_msp.o
 .debug_frame   0x0000000000000484      0x104 ./Core/Src/stm32f4xx_it.o
 .debug_frame   0x0000000000000588       0x58 ./Core/Src/system_stm32f4xx.o
 .debug_frame   0x00000000000005e0      0x374 ./Drivers/STM32F4xx_HAL_Driver/Src/stm32f4xx_hal.o
 .debug_frame   0x0000000000000954      0x498 ./Drivers/STM32F4xx_HAL_Driver/Src/stm32f4xx_hal_cortex.o
 .debug_frame   0x0000000000000dec      0x14c ./Drivers/STM32F4xx_HAL_Driver/Src/stm32f4xx_hal_gpio.o
 .debug_frame   0x0000000000000f38      0x1f4 ./Drivers/STM32F4xx_HAL_Driver/Src/stm32f4xx_hal_rcc.o
 .debug_frame   0x000000000000112c      0x824 ./Drivers/STM32F4xx_HAL_Driver/Src/stm32f4xx_hal_spi.o
 .debug_frame   0x0000000000001950     0x11c4 ./Drivers/STM32F4xx_HAL_Driver/Src/stm32f4xx_hal_tim.o
 .debug_frame   0x0000000000002b14      0x638 ./Drivers/STM32F4xx_HAL_Driver/Src/stm32f4xx_hal_tim_ex.o
 .debug_frame   0x000000000000314c       0x2c c:/st/stm32cubeide_1.11.0/stm32cubeide/plugins/com.st.stm32cube.ide.mcu.externaltools.gnu-tools-for-stm32.10.3-2021.10.win32_1.0.100.202210260954/tools/bin/../lib/gcc/arm-none-eabi/10.3.1/../../../../arm-none-eabi/lib/thumb/v7e-m+fp/hard\libc_nano.a(lib_a-init.o)
 .debug_frame   0x0000000000003178       0x20 c:/st/stm32cubeide_1.11.0/stm32cubeide/plugins/com.st.stm32cube.ide.mcu.externaltools.gnu-tools-for-stm32.10.3-2021.10.win32_1.0.100.202210260954/tools/bin/../lib/gcc/arm-none-eabi/10.3.1/../../../../arm-none-eabi/lib/thumb/v7e-m+fp/hard\libc_nano.a(lib_a-memset.o)
 .debug_frame   0x0000000000003198       0xac c:/st/stm32cubeide_1.11.0/stm32cubeide/plugins/com.st.stm32cube.ide.mcu.externaltools.gnu-tools-for-stm32.10.3-2021.10.win32_1.0.100.202210260954/tools/bin/../lib/gcc/arm-none-eabi/10.3.1/thumb/v7e-m+fp/hard\libgcc.a(_arm_addsubdf3.o)
 .debug_frame   0x0000000000003244       0x50 c:/st/stm32cubeide_1.11.0/stm32cubeide/plugins/com.st.stm32cube.ide.mcu.externaltools.gnu-tools-for-stm32.10.3-2021.10.win32_1.0.100.202210260954/tools/bin/../lib/gcc/arm-none-eabi/10.3.1/thumb/v7e-m+fp/hard\libgcc.a(_arm_muldivdf3.o)
 .debug_frame   0x0000000000003294       0x24 c:/st/stm32cubeide_1.11.0/stm32cubeide/plugins/com.st.stm32cube.ide.mcu.externaltools.gnu-tools-for-stm32.10.3-2021.10.win32_1.0.100.202210260954/tools/bin/../lib/gcc/arm-none-eabi/10.3.1/thumb/v7e-m+fp/hard\libgcc.a(_arm_truncdfsf2.o)
 .debug_frame   0x00000000000032b8       0x4c c:/st/stm32cubeide_1.11.0/stm32cubeide/plugins/com.st.stm32cube.ide.mcu.externaltools.gnu-tools-for-stm32.10.3-2021.10.win32_1.0.100.202210260954/tools/bin/../lib/gcc/arm-none-eabi/10.3.1/thumb/v7e-m+fp/hard\libgcc.a(_arm_addsubsf3.o)
 .debug_frame   0x0000000000003304       0x2c c:/st/stm32cubeide_1.11.0/stm32cubeide/plugins/com.st.stm32cube.ide.mcu.externaltools.gnu-tools-for-stm32.10.3-2021.10.win32_1.0.100.202210260954/tools/bin/../lib/gcc/arm-none-eabi/10.3.1/thumb/v7e-m+fp/hard\libgcc.a(_aeabi_uldivmod.o)
 .debug_frame   0x0000000000003330       0x34 c:/st/stm32cubeide_1.11.0/stm32cubeide/plugins/com.st.stm32cube.ide.mcu.externaltools.gnu-tools-for-stm32.10.3-2021.10.win32_1.0.100.202210260954/tools/bin/../lib/gcc/arm-none-eabi/10.3.1/thumb/v7e-m+fp/hard\libgcc.a(_udivmoddi4.o)
