../Core/Src/INA229.c:87:6:INA229_config	16	static
../Core/Src/INA229.c:109:6:INA229_writeReg	24	static
../Core/Src/INA229.c:143:10:INA229_readReg	56	static
../Core/Src/INA229.c:196:6:INA229_setCURRENT_LSB	16	static
../Core/Src/INA229.c:206:7:INA229_getVSHUNT_mV	32	static
../Core/Src/INA229.c:242:7:INA229_getVBUS_V	32	static
../Core/Src/INA229.c:270:7:INA229_getDIETEMP_C	32	static
../Core/Src/INA229.c:295:7:INA229_getDIETEMP_F	24	static
../Core/Src/INA229.c:309:7:INA229_getCURRENT_signedLSB	32	static
../Core/Src/INA229.c:334:7:INA229_getCURRENT_A	24	static
../Core/Src/INA229.c:347:7:INA229_getPOWER_signedLSB	32	static
../Core/Src/INA229.c:361:7:INA229_getPOWER_W	24	static
../Core/Src/INA229.c:374:8:INA229_getENERGY_signedLSB	32	static
../Core/Src/INA229.c:388:8:INA229_getENERGY_J	24	static
../Core/Src/INA229.c:401:8:INA229_getCHARGE_signedLSB	32	static
../Core/Src/INA229.c:423:8:INA229_getCHARGE_C	24	static
../Core/Src/INA229.c:441:6:INA229_Init	16	static
../Core/Src/INA229.c:454:6:mcu_msWait	16	static
../Core/Src/INA229.c:464:17:Get_INA299_Readings	72	static
